// Jest Snapshot v1, https://goo.gl/fbAQLP

exports[`ErrataDetail matches snapshot 1`] = `"<div class=\\"hero padded\\"><h1>Errata Submission Details</h1></div><div class=\\"boxed\\"></div>"`;
