// Jest Snapshot v1, https://goo.gl/fbAQLP

exports[`Instructor Resources Tab matches snapshot 1`] = `"<div class=\\"instructor-resources\\"><div><div class=\\"free-stuff-blurb\\"><h2><b>Academic freedom.</b> No catch.</h2><div class=\\"blurb-body\\"><p>Access free resources integrated with your book. <a href=\\"https://accounts.openstax.org/signup\\">Sign up</a> for an account to access locked content.</p></div></div><div class=\\"cards \\"><div class=\\"resources\\"><div class=\\"resource-box double\\"><div class=\\"top-line\\"><h3>OER Commons Hub Resources</h3><img src=\\"https://d3bxy9euw4e147.cloudfront.net/oscms-dev/media/documents/OERC_logo.jpg\\" alt=\\"\\"></div><div class=\\"blurb\\"><span>Members of the OpenStax community can join the Hub to share resources they've created to use with our biology book, like the interactive activity below. Find more resources and submit your own.</span><br><a href=\\"https://www.oercommons.org/groups/openstax-biology/1052/?__hub_id=27\\">Visit the Hub <i class=\\"fa fa-external-link-alt\\"></i></a></div><div class=\\"bottom\\"><div class=\\"left\\"></div><div class=\\"right\\"><a href=\\"https://d3bxy9euw4e147.cloudfront.net/oscms-dev/media/documents/Activities_for_engaging_students_in_Biology_using_animations_1.pdf\\">Biology animation activity</a></div></div></div></div><div class=\\"partners\\"><div class=\\"callout\\"></div><div class=\\"title-bar\\">Tech Partners<a class=\\"filter-for-book\\" href=\\"/partners\\">See them all</a></div><div class=\\"blurb-scroller\\"><div class=\\"blurbs\\"></div></div></div></div></div><a href=\\"https://openstax.org/webinars\\" class=\\"webinars\\"><div class=\\"icon-cell\\"><svg aria-hidden=\\"true\\" focusable=\\"false\\" data-prefix=\\"fas\\" data-icon=\\"desktop\\" class=\\"svg-inline--fa fa-desktop fa-w-18 \\" role=\\"img\\" xmlns=\\"http://www.w3.org/2000/svg\\" viewBox=\\"0 0 576 512\\"><path fill=\\"currentColor\\" d=\\"M528 0H48C21.5 0 0 21.5 0 48v320c0 26.5 21.5 48 48 48h192l-16 48h-72c-13.3 0-24 10.7-24 24s10.7 24 24 24h272c13.3 0 24-10.7 24-24s-10.7-24-24-24h-72l-16-48h192c26.5 0 48-21.5 48-48V48c0-26.5-21.5-48-48-48zm-16 352H64V64h448v288z\\"></path></svg></div><div class=\\"blurb\\"><h2>Find a webinar</h2><div class=\\"blurb\\">Learn more by attending one of our free webinars featuring OpenStax authors, staff, and partners.</div></div></a></div>"`;
