// Jest Snapshot v1, https://goo.gl/fbAQLP

exports[`InstructorResourcePane (as instructor) matches snapshot 1`] = `"<div class=\\"instructor-resources-pane\\"><a class=\\"card filter-for-book\\">OpenStax Partners <svg aria-hidden=\\"true\\" focusable=\\"false\\" data-prefix=\\"fas\\" data-icon=\\"sign-out-alt\\" class=\\"svg-inline--fa fa-sign-out-alt fa-w-16 \\" role=\\"img\\" xmlns=\\"http://www.w3.org/2000/svg\\" viewBox=\\"0 0 512 512\\"><path fill=\\"currentColor\\" d=\\"M497 273L329 441c-15 15-41 4.5-41-17v-96H152c-13.3 0-24-10.7-24-24v-96c0-13.3 10.7-24 24-24h136V88c0-21.4 25.9-32 41-17l168 168c9.3 9.4 9.3 24.6 0 34zM192 436v-40c0-6.6-5.4-12-12-12H96c-17.7 0-32-14.3-32-32V160c0-17.7 14.3-32 32-32h84c6.6 0 12-5.4 12-12V76c0-6.6-5.4-12-12-12H96c-53 0-96 43-96 96v192c0 53 43 96 96 96h84c6.6 0 12-5.4 12-12z\\"></path></svg></a><div class=\\"free-resources-region\\"><a class=\\"resource-box\\" href=\\"https://d3bxy9euw4e147.cloudfront.net/oscms-dev/media/documents/OpenStax_Instructor_Getting_Started_Guide_Fall_2018.pdf\\" data-local=\\"false\\"><div class=\\"reference-number\\">1</div><div class=\\"top\\"><div class=\\"top-line\\"><h3 class=\\"\\">Instructor Getting Started Guide</h3></div><div class=\\"description\\"></div></div><div class=\\"bottom\\"><div class=\\"left\\">Download</div><div class=\\"right\\"><svg aria-hidden=\\"true\\" focusable=\\"false\\" data-prefix=\\"fas\\" data-icon=\\"download\\" class=\\"svg-inline--fa fa-download fa-w-16 \\" role=\\"img\\" xmlns=\\"http://www.w3.org/2000/svg\\" viewBox=\\"0 0 512 512\\"><path fill=\\"currentColor\\" d=\\"M216 0h80c13.3 0 24 10.7 24 24v168h87.7c17.8 0 26.7 21.5 14.1 34.1L269.7 378.3c-7.5 7.5-19.8 7.5-27.3 0L90.1 226.1c-12.6-12.6-3.7-34.1 14.1-34.1H192V24c0-13.3 10.7-24 24-24zm296 376v112c0 13.3-10.7 24-24 24H24c-13.3 0-24-10.7-24-24V376c0-13.3 10.7-24 24-24h146.7l49 49c20.1 20.1 52.5 20.1 72.6 0l49-49H488c13.3 0 24 10.7 24 24zm-124 88c0-11-9-20-20-20s-20 9-20 20 9 20 20 20 20-9 20-20zm64 0c0-11-9-20-20-20s-20 9-20 20 9 20 20 20 20-9 20-20z\\"></path></svg></div></div></a><a class=\\"resource-box\\" href=\\"https://cms-dev.openstax.org/oxauth/login/?next=https%3A%2F%2Fcms-dev.openstax.org%2F%3FInstructor%20resources\\" data-local=\\"true\\"><div class=\\"reference-number\\">2</div><div class=\\"top\\"><div class=\\"top-line\\"><h3 class=\\"\\">PowerPoint Slides</h3></div><div class=\\"description\\"></div></div><div class=\\"bottom\\"><div class=\\"left\\">Log in to unlock</div><div class=\\"right\\"><svg aria-hidden=\\"true\\" focusable=\\"false\\" data-prefix=\\"fas\\" data-icon=\\"lock\\" class=\\"svg-inline--fa fa-lock fa-w-14 \\" role=\\"img\\" xmlns=\\"http://www.w3.org/2000/svg\\" viewBox=\\"0 0 448 512\\"><path fill=\\"currentColor\\" d=\\"M400 224h-24v-72C376 68.2 307.8 0 224 0S72 68.2 72 152v72H48c-26.5 0-48 21.5-48 48v192c0 26.5 21.5 48 48 48h352c26.5 0 48-21.5 48-48V272c0-26.5-21.5-48-48-48zm-104 0H152v-72c0-39.7 32.3-72 72-72s72 32.3 72 72v72z\\"></path></svg></div></div></a><a class=\\"resource-box\\" href=\\"https://cms-dev.openstax.org/oxauth/login/?next=https%3A%2F%2Fcms-dev.openstax.org%2F%3FInstructor%20resources\\" data-local=\\"true\\"><div class=\\"top\\"><div class=\\"top-line\\"><h3 class=\\"\\">Instructor Solutions Manual</h3></div><div class=\\"description\\"></div></div><div class=\\"bottom\\"><div class=\\"left\\">Log in to unlock</div><div class=\\"right\\"><svg aria-hidden=\\"true\\" focusable=\\"false\\" data-prefix=\\"fas\\" data-icon=\\"lock\\" class=\\"svg-inline--fa fa-lock fa-w-14 \\" role=\\"img\\" xmlns=\\"http://www.w3.org/2000/svg\\" viewBox=\\"0 0 448 512\\"><path fill=\\"currentColor\\" d=\\"M400 224h-24v-72C376 68.2 307.8 0 224 0S72 68.2 72 152v72H48c-26.5 0-48 21.5-48 48v192c0 26.5 21.5 48 48 48h352c26.5 0 48-21.5 48-48V272c0-26.5-21.5-48-48-48zm-104 0H152v-72c0-39.7 32.3-72 72-72s72 32.3 72 72v72z\\"></path></svg></div></div></a><a class=\\"resource-box\\" href=\\"https://d3bxy9euw4e147.cloudfront.net/oscms-dev/media/documents/Syllabus_Language_-_College_Algebra_NUFM3pN.txt\\" data-local=\\"false\\"><div class=\\"top\\"><div class=\\"top-line\\"><h3 class=\\"\\">Sample Syllabus Language</h3></div><div class=\\"description\\"></div></div><div class=\\"bottom\\"><div class=\\"left\\">Download</div><div class=\\"right\\"><svg aria-hidden=\\"true\\" focusable=\\"false\\" data-prefix=\\"fas\\" data-icon=\\"download\\" class=\\"svg-inline--fa fa-download fa-w-16 \\" role=\\"img\\" xmlns=\\"http://www.w3.org/2000/svg\\" viewBox=\\"0 0 512 512\\"><path fill=\\"currentColor\\" d=\\"M216 0h80c13.3 0 24 10.7 24 24v168h87.7c17.8 0 26.7 21.5 14.1 34.1L269.7 378.3c-7.5 7.5-19.8 7.5-27.3 0L90.1 226.1c-12.6-12.6-3.7-34.1 14.1-34.1H192V24c0-13.3 10.7-24 24-24zm296 376v112c0 13.3-10.7 24-24 24H24c-13.3 0-24-10.7-24-24V376c0-13.3 10.7-24 24-24h146.7l49 49c20.1 20.1 52.5 20.1 72.6 0l49-49H488c13.3 0 24 10.7 24 24zm-124 88c0-11-9-20-20-20s-20 9-20 20 9 20 20 20 20-9 20-20zm64 0c0-11-9-20-20-20s-20 9-20 20 9 20 20 20 20-9 20-20z\\"></path></svg></div></div></a><a class=\\"resource-box\\" href=\\"https://cms-dev.openstax.org/oxauth/login/?next=https%3A%2F%2Fcms-dev.openstax.org%2F%3FInstructor%20resources\\" data-local=\\"true\\"><div class=\\"top\\"><div class=\\"top-line\\"><h3 class=\\"\\">Canvas Course Cartridge</h3></div><div class=\\"description\\"></div></div><div class=\\"bottom\\"><div class=\\"left\\">Log in to unlock</div><div class=\\"right\\"><svg aria-hidden=\\"true\\" focusable=\\"false\\" data-prefix=\\"fas\\" data-icon=\\"lock\\" class=\\"svg-inline--fa fa-lock fa-w-14 \\" role=\\"img\\" xmlns=\\"http://www.w3.org/2000/svg\\" viewBox=\\"0 0 448 512\\"><path fill=\\"currentColor\\" d=\\"M400 224h-24v-72C376 68.2 307.8 0 224 0S72 68.2 72 152v72H48c-26.5 0-48 21.5-48 48v192c0 26.5 21.5 48 48 48h352c26.5 0 48-21.5 48-48V272c0-26.5-21.5-48-48-48zm-104 0H152v-72c0-39.7 32.3-72 72-72s72 32.3 72 72v72z\\"></path></svg></div></div></a><a class=\\"resource-box\\" href=\\"https://d3bxy9euw4e147.cloudfront.net/oscms-dev/media/documents/College_Algebra_Release_Notes_2017.pdf\\" data-local=\\"false\\"><div class=\\"top\\"><div class=\\"top-line\\"><h3 class=\\"\\">Errata Release Notes</h3></div><div class=\\"description\\"></div></div><div class=\\"bottom\\"><div class=\\"left\\">Download</div><div class=\\"right\\"><svg aria-hidden=\\"true\\" focusable=\\"false\\" data-prefix=\\"fas\\" data-icon=\\"download\\" class=\\"svg-inline--fa fa-download fa-w-16 \\" role=\\"img\\" xmlns=\\"http://www.w3.org/2000/svg\\" viewBox=\\"0 0 512 512\\"><path fill=\\"currentColor\\" d=\\"M216 0h80c13.3 0 24 10.7 24 24v168h87.7c17.8 0 26.7 21.5 14.1 34.1L269.7 378.3c-7.5 7.5-19.8 7.5-27.3 0L90.1 226.1c-12.6-12.6-3.7-34.1 14.1-34.1H192V24c0-13.3 10.7-24 24-24zm296 376v112c0 13.3-10.7 24-24 24H24c-13.3 0-24-10.7-24-24V376c0-13.3 10.7-24 24-24h146.7l49 49c20.1 20.1 52.5 20.1 72.6 0l49-49H488c13.3 0 24 10.7 24 24zm-124 88c0-11-9-20-20-20s-20 9-20 20 9 20 20 20 20-9 20-20zm64 0c0-11-9-20-20-20s-20 9-20 20 9 20 20 20 20-9 20-20z\\"></path></svg></div></div></a><a class=\\"resource-box\\" href=\\"https://d3bxy9euw4e147.cloudfront.net/oscms-dev/media/documents/OpenStax_Representation_and_Diversity_Development_Guidelines_2bb08eB.pdf\\" data-local=\\"false\\"><div class=\\"top\\"><div class=\\"top-line\\"><h3 class=\\"\\">Diversity and Representation Development Guidelines</h3></div><div class=\\"description\\"></div></div><div class=\\"bottom\\"><div class=\\"left\\">Download</div><div class=\\"right\\"><svg aria-hidden=\\"true\\" focusable=\\"false\\" data-prefix=\\"fas\\" data-icon=\\"download\\" class=\\"svg-inline--fa fa-download fa-w-16 \\" role=\\"img\\" xmlns=\\"http://www.w3.org/2000/svg\\" viewBox=\\"0 0 512 512\\"><path fill=\\"currentColor\\" d=\\"M216 0h80c13.3 0 24 10.7 24 24v168h87.7c17.8 0 26.7 21.5 14.1 34.1L269.7 378.3c-7.5 7.5-19.8 7.5-27.3 0L90.1 226.1c-12.6-12.6-3.7-34.1 14.1-34.1H192V24c0-13.3 10.7-24 24-24zm296 376v112c0 13.3-10.7 24-24 24H24c-13.3 0-24-10.7-24-24V376c0-13.3 10.7-24 24-24h146.7l49 49c20.1 20.1 52.5 20.1 72.6 0l49-49H488c13.3 0 24 10.7 24 24zm-124 88c0-11-9-20-20-20s-20 9-20 20 9 20 20 20 20-9 20-20zm64 0c0-11-9-20-20-20s-20 9-20 20 9 20 20 20 20-9 20-20z\\"></path></svg></div></div></a><a class=\\"resource-box\\" data-local=\\"false\\"><div class=\\"top\\"><div class=\\"top-line\\"><h3 class=\\"\\">Sample Syllabus Language</h3></div><div class=\\"description\\"></div></div><div class=\\"bottom\\"><div class=\\"left\\">View resources</div><div class=\\"right\\"><svg aria-hidden=\\"true\\" focusable=\\"false\\" data-prefix=\\"fas\\" data-icon=\\"download\\" class=\\"svg-inline--fa fa-download fa-w-16 \\" role=\\"img\\" xmlns=\\"http://www.w3.org/2000/svg\\" viewBox=\\"0 0 512 512\\"><path fill=\\"currentColor\\" d=\\"M216 0h80c13.3 0 24 10.7 24 24v168h87.7c17.8 0 26.7 21.5 14.1 34.1L269.7 378.3c-7.5 7.5-19.8 7.5-27.3 0L90.1 226.1c-12.6-12.6-3.7-34.1 14.1-34.1H192V24c0-13.3 10.7-24 24-24zm296 376v112c0 13.3-10.7 24-24 24H24c-13.3 0-24-10.7-24-24V376c0-13.3 10.7-24 24-24h146.7l49 49c20.1 20.1 52.5 20.1 72.6 0l49-49H488c13.3 0 24 10.7 24 24zm-124 88c0-11-9-20-20-20s-20 9-20 20 9 20 20 20 20-9 20-20zm64 0c0-11-9-20-20-20s-20 9-20 20 9 20 20 20 20-9 20-20z\\"></path></svg></div></div></a></div></div>"`;
