// Jest Snapshot v1, https://goo.gl/fbAQLP

exports[`AdoptionForm matches snapshot 1`] = `"<div data-region=\\"header\\"><div class=\\"form-header\\"></div></div><img class=\\"strips\\" src=\\"/images/components/strips.svg\\" height=\\"10\\" alt=\\"\\" role=\\"presentation\\"><div data-region=\\"role-selector\\" class=\\"text-content\\"><div class=\\"role-selector\\"><form data-region=\\"selector\\"><label class=\\"form-select\\"><div class=\\"control-group\\"><label class=\\"field-label\\" data-html=\\"labelHtml\\"></label><label class=\\"field-label\\"> I am a</label><span class=\\"invalid-message\\"></span><div class=\\"proxy-select select with-arrow\\" tabindex=\\"0\\"><span class=\\"item none\\">Please select one</span><ul class=\\"options\\"><li class=\\"option\\" data-value=\\"Student\\">Student</li><li class=\\"option\\" data-value=\\"Faculty\\">Instructor</li><li class=\\"option\\" data-value=\\"Home School Teacher\\">Homeschool Instructor</li><li class=\\"option\\" data-value=\\"Administrator\\">Administrator</li><li class=\\"option\\" data-value=\\"Librarian\\">Librarian</li><li class=\\"option\\" data-value=\\"Instructional Designer\\">Instructional Designer</li><li class=\\"option\\" data-value=\\"Adjunct Faculty\\">Adjunct Faculty</li><li class=\\"option\\" data-value=\\"Other\\">Other</li></ul></div><select placeholder=\\"Please select one\\"><option value=\\"Student\\">Student</option><option value=\\"Faculty\\">Instructor</option><option value=\\"Home School Teacher\\">Homeschool Instructor</option><option value=\\"Administrator\\">Administrator</option><option value=\\"Librarian\\">Librarian</option><option value=\\"Instructional Designer\\">Instructional Designer</option><option value=\\"Adjunct Faculty\\">Adjunct Faculty</option><option value=\\"Other\\">Other</option></select></div></label></form><div data-content=\\"0\\"><div class=\\"student-form\\"><div class=\\"text-content\\">Students don't need to fill out any forms to use our books. Access them free now!<div class=\\"cta\\"><button class=\\"btn\\" tabindex=\\"0\\">Go back</button></div></div></div></div><div hidden=\\"\\" data-content=\\"1\\"><div class=\\"multi-page-form\\"><iframe name=\\"form-response\\" id=\\"form-response\\" class=\\"hidden\\" src=\\"\\" width=\\"0\\" height=\\"0\\" tabindex=\\"-1\\"></iframe><form accept-charset=\\"UTF-8\\" class=\\"form\\" target=\\"form-response\\" method=\\"post\\" action=\\"https://test.salesforce.com/servlet/servlet.WebToLead?encoding=UTF-8\\"><div data-page=\\"0\\"><div class=\\"page-1\\"><div class=\\"hidden-fields\\"><input name=\\"utf8\\" type=\\"hidden\\" value=\\"âœ“\\"><input type=\\"hidden\\" name=\\"Application_Source__c\\" value=\\"OS Web/Accounts\\"><input type=\\"hidden\\" name=\\"oid\\" value=\\"00D0t0000000zUN\\"><input type=\\"hidden\\" name=\\"lead_source\\" value=\\"Adoption Form\\"><input type=\\"hidden\\" name=\\"Role__c\\" value=\\"Student\\"><input type=\\"hidden\\" name=\\"Subject__c\\"><input type=\\"hidden\\" name=\\"Adoption_Status__c\\"><input type=\\"hidden\\" name=\\"Number_of_Students__c\\"><input type=\\"hidden\\" name=\\"First__c\\"></div><div><plug-in data-id=\\"popup\\"></plug-in><plug-in data-id=\\"firstName\\"><label class=\\"form-input\\"><div class=\\"control-group\\"><label class=\\"field-label\\">First name</label><input name=\\"first_name\\" type=\\"text\\" value=\\"\\" required=\\"\\" autocomplete=\\"given-name\\" class=\\"\\"><div class=\\"invalid-message\\"></div></div></label></plug-in><plug-in data-id=\\"lastName\\"><label class=\\"form-input\\"><div class=\\"control-group\\"><label class=\\"field-label\\">Last name</label><input name=\\"last_name\\" type=\\"text\\" value=\\"\\" required=\\"\\" autocomplete=\\"family-name\\" class=\\"\\"><div class=\\"invalid-message\\"></div></div></label></plug-in><plug-in data-id=\\"email\\"><label class=\\"form-input\\"><div class=\\"control-group\\"><label class=\\"field-label\\">Email address</label><input name=\\"email\\" type=\\"email\\" value=\\"\\" required=\\"\\" autocomplete=\\"email\\" class=\\"\\"><div class=\\"invalid-message\\"></div></div></label></plug-in><plug-in data-id=\\"phone\\"><label class=\\"form-input\\"><div class=\\"control-group\\"><label class=\\"field-label\\">Phone number</label><input name=\\"phone\\" type=\\"text\\" value=\\"\\" required=\\"\\" autocomplete=\\"tel-national\\" class=\\"\\"><div class=\\"invalid-message\\"></div></div></label></plug-in><plug-in data-id=\\"school\\"><label class=\\"form-input\\"><div class=\\"control-group\\"><label class=\\"field-label\\">School name</label><input name=\\"company\\" type=\\"text\\" value=\\"\\" required=\\"\\" autocomplete=\\"organization\\" class=\\"\\"><div class=\\"invalid-message\\"></div></div></label></plug-in><plug-in data-id=\\"schoolUrl\\"></plug-in></div></div></div><div data-page=\\"1\\" hidden=\\"\\"><div class=\\"page-2\\"><div class=\\"book-selector\\"><div><h2 class=\\"prompt\\">Which textbook(s) are you currently using?</h2><div class=\\"hint\\">Select all that apply</div></div></div><div class=\\"how-using\\"></div></div></div><div data-page=\\"2\\" hidden=\\"\\"><div class=\\"technology-selector\\"><h2 class=\\"prompt\\">Tell us about the technology you use.</h2><div class=\\"hint\\">Check all that apply (optional)</div><div class=\\"two-columns\\" data-region=\\"checkboxes\\"></div></div></div><div class=\\"button-row\\"><button type=\\"button\\" class=\\"secondary back\\" hidden=\\"\\">Back</button><button type=\\"submit\\" class=\\"primary\\" hidden=\\"\\">Submit</button><button type=\\"button\\" class=\\"primary next\\">Next</button></div></form></div></div></div></div>"`;
