// Jest Snapshot v1, https://goo.gl/fbAQLP

exports[`InstructorResourcesPane matches snapshot 1`] = `"<h4>Free (8)</h4><div class=\\"swipe-zone\\"><div class=\\"free-resources-region\\"></div></div><h4>Paid (8)</h4><div class=\\"swipe-zone\\"><div class=\\"paid-resources-region\\"><div class=\\"logo-box\\"><a href=\\"https://www.cogbooks.com/biology/\\"><img src=\\"null\\" alt=\\"CogBooks\\"></a></div><div class=\\"logo-box\\"><a href=\\"http://theexpertta.com/biology/\\"><img src=\\"https://d3bxy9euw4e147.cloudfront.net/oscms-dev/media/original_images/ExpertTA.png\\" alt=\\"Expert TA\\"></a></div><div class=\\"logo-box\\"><a href=\\"https://marketplace.memoryscience.com/marketplace/\\"><img src=\\"https://d3bxy9euw4e147.cloudfront.net/oscms-dev/media/original_images/MemoryScience.png\\" alt=\\"Memory Science\\"></a></div><div class=\\"logo-box\\"><a href=\\"http://openstaxcollege.odigia.com/\\"><img src=\\"https://d3bxy9euw4e147.cloudfront.net/oscms-dev/media/original_images/Odigia.png\\" alt=\\"Odigia\\"></a></div><div class=\\"logo-box\\"><a href=\\"http://www2.saplinglearning.com/introductory-biology\\"><img src=\\"https://d3bxy9euw4e147.cloudfront.net/oscms-dev/media/original_images/Sapling.png\\" alt=\\"Sapling Learning\\"></a></div><div class=\\"logo-box\\"><a href=\\"http://simbio.com/\\"><img src=\\"https://d3bxy9euw4e147.cloudfront.net/oscms-dev/media/original_images/logo-SimBio.png\\" alt=\\"SimBio\\"></a></div><div class=\\"logo-box\\"><a href=\\"https://tophat.com/openstax/biology/\\"><img src=\\"https://d3bxy9euw4e147.cloudfront.net/oscms-dev/media/original_images/TopHat.png\\" alt=\\"Top Hat\\"></a></div><div class=\\"logo-box\\"><a href=\\"http://www.wiley.com/college/sc/bio/\\"><img src=\\"https://d3bxy9euw4e147.cloudfront.net/oscms-dev/media/original_images/Wiley.png\\" alt=\\"Wiley\\"></a></div></div></div>"`;
