// Jest Snapshot v1, https://goo.gl/fbAQLP

exports[`Buckets matches snapshot 1`] = `"<div class=\\"buckets-section\\"><div class=\\"bucket  left\\"><div class=\\"quote\\"><div><span class=\\"title\\">Our Impact</span><blurb-html class=\\"blurb\\"><p>Faculty at over 3,000 institutions are opening doors for student success by adopting OpenStax.</p></blurb-html></div><a class=\\"link-with-chevron\\" href=\\"http://openstax.org/impact\\">See Our Impact <svg aria-hidden=\\"true\\" focusable=\\"false\\" data-prefix=\\"fas\\" data-icon=\\"chevron-right\\" class=\\"svg-inline--fa fa-chevron-right fa-w-10 \\" role=\\"img\\" xmlns=\\"http://www.w3.org/2000/svg\\" viewBox=\\"0 0 320 512\\"><path fill=\\"currentColor\\" d=\\"M285.476 272.971L91.132 467.314c-9.373 9.373-24.569 9.373-33.941 0l-22.667-22.667c-9.357-9.357-9.375-24.522-.04-33.901L188.505 256 34.484 101.255c-9.335-9.379-9.317-24.544.04-33.901l22.667-22.667c9.373-9.373 24.569-9.373 33.941 0L285.475 239.03c9.373 9.372 9.373 24.568.001 33.941z\\"></path></svg></a></div></div><div class=\\"bucket  left\\"><div class=\\"quote\\"><div><span class=\\"title\\">OpenStax Partners</span><blurb-html class=\\"blurb\\"><p>OpenStax partners have united with us to increase access to high-quality learning materials. Their low-cost tools integrate seamlessly with OpenStax books.</p></blurb-html></div><a class=\\"link-with-chevron\\" href=\\"http://openstax.org/partners\\">View Partners <svg aria-hidden=\\"true\\" focusable=\\"false\\" data-prefix=\\"fas\\" data-icon=\\"chevron-right\\" class=\\"svg-inline--fa fa-chevron-right fa-w-10 \\" role=\\"img\\" xmlns=\\"http://www.w3.org/2000/svg\\" viewBox=\\"0 0 320 512\\"><path fill=\\"currentColor\\" d=\\"M285.476 272.971L91.132 467.314c-9.373 9.373-24.569 9.373-33.941 0l-22.667-22.667c-9.357-9.357-9.375-24.522-.04-33.901L188.505 256 34.484 101.255c-9.335-9.379-9.317-24.544.04-33.901l22.667-22.667c9.373-9.373 24.569-9.373 33.941 0L285.475 239.03c9.373 9.372 9.373 24.568.001 33.941z\\"></path></svg></a></div></div></div>"`;
