// Jest Snapshot v1, https://goo.gl/fbAQLP

exports[`OpenStaxTutor matches snapshot 1`] = `"<div class=\\"floating-tools\\"><div class=\\"section-navigator\\"><div class=\\"hotspot selected\\" data-id=\\"new-frontier\\"><span class=\\"dot\\"></span></div><div class=\\"hotspot null\\" data-id=\\"how-it-works\\"><span class=\\"dot\\"></span></div><div class=\\"hotspot null\\" data-id=\\"what-students-get\\"><span class=\\"dot\\"></span></div><div class=\\"hotspot null\\" data-id=\\"feature-matrix\\"><span class=\\"dot\\"></span></div><div class=\\"hotspot null\\" data-id=\\"where-money-goes\\"><span class=\\"dot\\"></span></div><div class=\\"hotspot null\\" data-id=\\"science\\"><span class=\\"dot\\"></span></div><div class=\\"hotspot null\\" data-id=\\"faq\\"><span class=\\"dot\\"></span></div><div class=\\"hotspot null\\" data-id=\\"learn-more\\"><span class=\\"dot\\"></span></div></div><div class=\\"pulsing-dot\\"><div class=\\"dot \\"></div><div class=\\"pulse\\">!</div><div class=\\"popup\\" data-html=\\"html\\"><p>OpenStax Tutor Beta is not available for high school or international courses at this time.</p></div></div></div><div class=\\"sticky-footer-region\\"><div class=\\"sticky-footer\\"><div class=\\"button-group\\"><a class=\\"btn medium\\" href=\\"https://tutor.openstax.org/dashboard\\">Get Started</a><div class=\\"description\\">Preview and create a course.</div></div><div class=\\"button-group\\"><div class=\\"description\\">Get advice from pioneers of the tool.</div><a class=\\"btn medium\\" href=\\"https://openstax.org/blog/upcoming-openstax-webinars\\">Join A Webinar</a></div></div></div><section id=\\"new-frontier\\"><div class=\\"background-imagery\\"><div class=\\"top-image\\"></div><div class=\\"middle-image\\"></div><div class=\\"bottom-image\\"></div></div><div class=\\"text-content\\"><div class=\\"above-head smaller\\"><div>Using OpenStax Tutor Beta?</div><a class=\\"btn small\\" href=\\"https://tutor.openstax.org/dashboard\\">Access Your Course</a></div><div class=\\"headline\\"><img id=\\"tutor-logo\\" alt=\\"OpenStax Tutor beta logo\\" src=\\"/images/openstax-tutor/tutor-logo.svg\\"><div class=\\"headline-text\\"><h1>Discover a new frontier in education.</h1><div class=\\"blurb\\">Improve how your students learn with research-based technology — for only $10.</div><div class=\\"blurb\\" data-html=\\"frontier.description\\"><p>OpenStax Tutor Beta gives college students the easy-to-use online courseware and learning tools they need to complete their course the first time around. And it’s all based on science. Available for College Physics, Biology 2e, and Introduction to Sociology 2e for college courses in the U.S.<br></p></div><a class=\\"btn primary\\" href=\\"#how-it-works\\">Learn More</a></div></div></div></section><section id=\\"how-it-works\\"><div id=\\"how-it-works-target\\"></div><div class=\\"text-content\\"><h1 class=\\"boxed\\">High tech. Low cost. Improved learning.</h1><h2>How does OpenStax Tutor Beta work?</h2><div class=\\"description\\" data-html=\\"howItWorks.description\\"><p>Wish you could work with every student, individually? With OpenStax Tutor Beta, you’re getting warmer. This low-cost, easy-to-use, professionally written, peer-reviewed, and research-based tool is designed to help students learn and retain information. OpenStax Tutor Beta uses OpenStax textbooks to deliver high-quality content, simulations and videos, spaced practice, and immediate feedback.</p></div></div><div class=\\"blurb-table boxed\\"><div class=\\"blurb\\"><div class=\\"icon\\"><img alt=\\"Spaced practice icon\\" src=\\"https://d3bxy9euw4e147.cloudfront.net/oscms-dev/media/documents/icon-space-practice-new.svg\\"></div><h3>Spaced practice</h3><div class=\\"smaller\\">Helps students remember what they previously learned</div></div><div class=\\"blurb\\"><div class=\\"icon\\"><img alt=\\"Personalized questions icon\\" src=\\"https://d3bxy9euw4e147.cloudfront.net/oscms-dev/media/documents/icon-personalized-q-new.svg\\"></div><h3>Personalized questions</h3><div class=\\"smaller\\">Help students learn where they need it most</div></div><div class=\\"blurb\\"><div class=\\"icon\\"><img alt=\\"Two-step questions icon\\" src=\\"https://d3bxy9euw4e147.cloudfront.net/oscms-dev/media/documents/icon-two-step-new.svg\\"></div><h3>Two-step questions</h3><div class=\\"smaller\\">Help students study more effectively</div></div><div class=\\"blurb\\"><div class=\\"icon\\"><img alt=\\"Low cost icon\\" src=\\"https://d3bxy9euw4e147.cloudfront.net/oscms-dev/media/documents/icon-low-cost-new.svg\\"></div><h3>Low cost</h3><div class=\\"smaller\\">$10 per course saves students money</div></div></div></section><section id=\\"what-students-get\\"><div class=\\"background-imagery\\"></div><div class=\\"text-content\\"><h1>See what your students will see</h1><div class=\\"description\\" data-html=\\"whatStudentsGet.description\\"><p>Check out these short, helpful videos to understand how students will see questions, reading assignments, and homework in OpenStax Tutor Beta. Get a peek at the student dashboard and analytics, too.</p></div></div><div class=\\"boxed\\"><div class=\\"carousel\\"><div class=\\"viewer\\"><div class=\\"viewport\\"><img alt=\\"The dashboard gives students an overview of their assignments and progress.\\" src=\\"https://d3bxy9euw4e147.cloudfront.net/oscms-dev/media/marketing_videos/1st_-_Student_Dashboard_with_HL.png\\"></div></div><div class=\\"video-description\\"><div class=\\"content\\" data-html=\\"whatStudentsGet.currentImage.description\\">The dashboard gives students an overview of their assignments and progress.</div></div><div class=\\"thumbnails\\"><div class=\\"active\\"><span data-html=\\"whatStudentsGet.images[0].title\\">Assignment overview</span></div><div class=\\"\\"><span data-html=\\"whatStudentsGet.images[1].title\\">Late assignments</span></div><div class=\\"\\"><span data-html=\\"whatStudentsGet.images[2].title\\">Late work</span></div><div class=\\"\\"><span data-html=\\"whatStudentsGet.images[3].title\\">Browse book</span></div><div class=\\"\\"><span data-html=\\"whatStudentsGet.images[4].title\\">Performance forecast</span></div><div class=\\"\\"><span data-html=\\"whatStudentsGet.images[5].title\\">Personalized questions</span></div><div class=\\"\\"><span data-html=\\"whatStudentsGet.images[6].title\\">Two-step questions</span></div><div class=\\"\\"><span data-html=\\"whatStudentsGet.images[7].title\\">Homework assignments</span></div><div class=\\"\\"><span data-html=\\"whatStudentsGet.images[8].title\\">Retrieval practice</span></div><div class=\\"\\"><span data-html=\\"whatStudentsGet.images[9].title\\">Immediate feedback</span></div></div></div></div></section><section id=\\"feature-matrix\\"><div class=\\"text-content two-cells\\"><div class=\\"cell\\"><h1 class=\\"small-screen\\">Our current features and future plans</h1><div class=\\"flexrow\\"><i class=\\"fa fa-check-circle true\\"></i><div>Low cost</div></div><div class=\\"flexrow\\"><i class=\\"fa fa-check-circle true\\"></i><div>Easy to build assignments</div></div><div class=\\"flexrow\\"><i class=\\"fa fa-check-circle true\\"></i><div>Personalized questions</div></div><div class=\\"flexrow\\"><i class=\\"fa fa-check-circle true\\"></i><div>Integrated digital textbook</div></div><div class=\\"flexrow\\"><i class=\\"fa fa-check-circle true\\"></i><div>Permanent access to textbook content</div></div><div class=\\"flexrow\\"><i class=\\"fa fa-check-circle true\\"></i><div>Video</div></div><div class=\\"flexrow\\"><i class=\\"fa fa-check-circle true\\"></i><div>Tutorials*</div></div><div class=\\"flexrow\\"><i class=\\"fa fa-check-circle true\\"></i><div>Student performance forecast</div></div><div class=\\"flexrow\\"><i class=\\"fa fa-check-circle true\\"></i><div>Spaced practice review questions</div></div><div class=\\"flexrow\\"><i class=\\"fa fa-check-circle true\\"></i><div>Ability to exclude questions</div></div><div class=\\"flexrow\\"><i class=\\"fa fa-check-circle true\\"></i><div>Student performance analytics</div></div><div class=\\"flexrow\\"><i class=\\"fa fa-check-circle false\\"></i><div>Ability to add own questions</div></div><div class=\\"flexrow caption smaller\\"><i class=\\"fa fa-check-circle spacer\\"></i> *Available for OpenStax Tutor Beta for College Physics</div></div><div class=\\"cell\\"><h1 class=\\"big-screen\\">Our current features and future plans</h1><div class=\\"description\\" data-html=\\"featureMatrix.description\\"><p>Thousands of students have piloted OpenStax Tutor Beta. Here are the features we’ve prioritized, and more are on the way. Have suggestions for future development? Send us an email at info@openstaxtutor.org.</p></div><div class=\\"box\\"><h2>Now available</h2><div class=\\"future-text\\" data-html=\\"comingSoon.description\\"><p><br>LMS integration by request<br><br>OpenStax Tutor Beta for Biology 2e<br><br>Highlighting and annotating for Biology 2e and Introduction to Sociology 2e<br></p><p><br></p></div><img class=\\"stamp\\" src=\\"/images/openstax-tutor/icon-megaphone.svg\\"><img class=\\"bottom-edge\\" src=\\"/images/openstax-tutor/cs-background.svg\\"><div class=\\"gradient-strip\\"></div></div></div></div></section><section id=\\"where-money-goes\\"><div class=\\"text-content\\"><h1>$10 goes a lot farther than it used to</h1><div class=\\"section-description\\" data-html=\\"whereMoneyGoes.description\\"><p>Generous grants from the Bill &amp; Melinda Gates Foundation, the Laura and John Arnold Foundation, and the Maxfield Foundation allowed us to create OpenStax Tutor Beta. And since OpenStax Tutor Beta technology is so easy to use, we don’t need salespeople. We keep our costs low and provide OpenStax Tutor Beta for $10 per student, per course, allowing us to support the tool and make research-backed improvements.</p></div></div><img class=\\"boxed big-screen\\" src=\\"/images/openstax-tutor/ten-dollars.svg\\" alt=\\"Diagram of how we spend money\\" aria-describedby=\\"breakdown-description\\"><div id=\\"breakdown-description\\" style=\\"visibility: hidden; height: 0px;\\">$5 pays for our engineers and researchers. $3 pays for authors to keep content current. $1 pays for our Support team. $1 helps us keep the lights on.</div><div class=\\"boxed small-screen\\"><img src=\\"/images/openstax-tutor/ten-dollars-mobile@2x.png\\"><div class=\\"box\\"><div class=\\"flexrow\\"><div class=\\"dot dot-1\\"></div><div>Pays for our engineers and researchers</div></div><div class=\\"flexrow\\"><div class=\\"dot dot-2\\"></div><div>Pays for authors to keep content current</div></div><div class=\\"flexrow\\"><div class=\\"dot dot-3\\"></div><div>Pays for our Support team</div></div><div class=\\"flexrow\\"><div class=\\"dot dot-4\\"></div><div>Helps us keep the lights on</div></div></div></div></section><section id=\\"science\\"><div id=\\"particles\\"></div><div class=\\"text-content\\"><h1>Behind the science of OpenStax Tutor Beta</h1><div data-html=\\"science.description\\"><p>Developed by researchers at Rice University, OpenStax Tutor Beta uses proven cognitive science principles and machine learning development to transform the way your students learn.</p></div></div></section><div class=\\"divider\\"><img src=\\"/images/openstax-tutor/faq-top-background.svg\\"></div><section id=\\"faq\\"><div class=\\"boxed\\"><h1>Frequently asked questions</h1></div><div class=\\"questions text-content\\"><div class=\\"smaller qna\\"><div class=\\"toggled-item\\" role=\\"button\\" data-index=\\"0\\"><div class=\\"question\\" data-html=\\"faq.items[0].question\\"><p>How much time does it take to set up my course in OpenStax Tutor Beta?</p></div><div class=\\"toggler\\"><i class=\\"fa fa-chevron-down\\"></i></div></div><div class=\\"toggled-item hidden\\"><div class=\\"answer\\" data-html=\\"faq.items[0].answer\\"><p>It takes 10-20 minutes to set up your OpenStax Tutor Beta account and create your course within the tool once you have your verified instructor account. Detailed page tips walk you through each feature of the tool step by step to help you hit the ground running. We manually verify every instructor account to make sure students don’t get access to instructor materials, so if you don’t yet have an instructor account with OpenStax, expect to wait 3-5 days for our Support Team to verify you.</p></div></div></div><div class=\\"smaller qna\\"><div class=\\"toggled-item\\" role=\\"button\\" data-index=\\"1\\"><div class=\\"question\\" data-html=\\"faq.items[1].question\\"><p>Does it work with my LMS?</p></div><div class=\\"toggler\\"><i class=\\"fa fa-chevron-down\\"></i></div></div><div class=\\"toggled-item hidden\\"><div class=\\"answer\\" data-html=\\"faq.items[1].answer\\"><p>OpenStax Tutor Beta allows you to export your scores into a spreadsheet to be uploaded into your learning management system. We are working towards full LMS integration for fall 2018.</p></div></div></div><div class=\\"smaller qna\\"><div class=\\"toggled-item\\" role=\\"button\\" data-index=\\"2\\"><div class=\\"question\\" data-html=\\"faq.items[2].question\\"><p>How much does it cost?</p></div><div class=\\"toggler\\"><i class=\\"fa fa-chevron-down\\"></i></div></div><div class=\\"toggled-item hidden\\"><div class=\\"answer\\" data-html=\\"faq.items[2].answer\\"><p>OpenStax Tutor Beta costs only $10 per course per semester for each student. It is important to us to keep costs low to make OpenStax Tutor Beta as accessible as possible while covering support and research-backed improvements for the tool.<br></p></div></div></div><div class=\\"smaller qna\\"><div class=\\"toggled-item\\" role=\\"button\\" data-index=\\"3\\"><div class=\\"question\\" data-html=\\"faq.items[3].question\\"><p>Can I write my own questions?</p></div><div class=\\"toggler\\"><i class=\\"fa fa-chevron-down\\"></i></div></div><div class=\\"toggled-item hidden\\"><div class=\\"answer\\" data-html=\\"faq.items[3].answer\\"><p>OpenStax Tutor Beta chooses a personalized combination of questions for each student based on their performance. We don't currently enable you to write your own questions or edit existing questions, but you can review all possible questions in the Question Library and exclude any you do not want students to see.<br></p></div></div></div><div class=\\"smaller qna\\"><div class=\\"toggled-item\\" role=\\"button\\" data-index=\\"4\\"><div class=\\"question\\" data-html=\\"faq.items[4].question\\"><p>How long do my students have access?</p></div><div class=\\"toggler\\"><i class=\\"fa fa-chevron-down\\"></i></div></div><div class=\\"toggled-item hidden\\"><div class=\\"answer\\" data-html=\\"faq.items[4].answer\\"><p>Your students have access to OpenStax Tutor Beta for a full semester. Once the semester ends, students will always be able to access the textbook content on openstax.org.</p></div></div></div><div class=\\"smaller qna\\"><div class=\\"toggled-item\\" role=\\"button\\" data-index=\\"5\\"><div class=\\"question\\" data-html=\\"faq.items[5].question\\"><p>How do I see what students see?</p></div><div class=\\"toggler\\"><i class=\\"fa fa-chevron-down\\"></i></div></div><div class=\\"toggled-item hidden\\"><div class=\\"answer\\" data-html=\\"faq.items[5].answer\\"><p>Scroll through our images and videos above on this page to see your students’ view from within the OpenStax Tutor Beta platform. If you create a course within OpenStax Tutor Beta, you can also access helpful videos previewing the student experience from within the course.</p></div></div></div><div class=\\"see-more smaller qna\\" data-html=\\"faq.knowledgeBaseCopy\\"><p>Get more answers at our <a href=\\"https://openstax.secure.force.com/help\\">Support page</a>.</p></div></div></section><section id=\\"learn-more\\"><div class=\\"boxed\\"><h1>Pioneer a new way of teaching and learning</h1></div><div class=\\"text-content\\"><div>Learn more about how your students can learn more.</div><div class=\\"buttons-row\\"><div class=\\"button-box\\"><a class=\\"btn\\" href=\\"https://tutor.openstax.org/dashboard\\">Get Started</a><div class=\\"smaller\\">to take a tour of OpenStax Tutor and view your preview course.</div></div><div class=\\"button-box\\"><a class=\\"btn\\" href=\\"https://openstax.org/blog/upcoming-openstax-webinars\\">Join a webinar</a><div class=\\"smaller\\">to get your questions answered by pioneering OpenStax Tutor Beta users and staff.</div></div></div></div></section>"`;
